INFO  [smite_scenarios::targets::bitcoind] Starting bitcoind...
INFO  [smite_scenarios::targets::bitcoind] Waiting for bitcoind to be ready...
INFO  [smite_scenarios::targets::bitcoind] bitcoind is ready
INFO  [smite_scenarios::targets::cln] Starting lightningd...
INFO  [smite_scenarios::targets::cln] Waiting for lightningd to be ready and synced...
INFO  [smite_scenarios::targets::cln] CLN identity pubkey: 03d380f38913abec9df0b06bdaeea6742d10fabebd98fdc62d03a6f8dc29e05ffb, blockheight: 71
INFO  [smite_scenarios::targets::cln] CLN identity pubkey: 03d380f38913abec9df0b06bdaeea6742d10fabebd98fdc62d03a6f8dc29e05ffb, blockheight: 101
INFO  [smite_scenarios::targets::cln] lightningd synced (blockheight=101)
INFO  [smite_scenarios::targets::cln] CLN deposit address: bcrt1q50hmeec47mp8drucv5w4ek2jgfsw2d6v4zrgt9
INFO  [smite_scenarios::targets::cln] CLN wallet funded with 1 BTC — dual-funding contributions enabled
INFO  [smite_scenarios::targets::cln] Fuzzer P2WPKH address: bcrt1qu5g972mhyvln75vratlsl62ze2yh06fmtcexas
INFO  [smite_scenarios::targets::cln] Fuzzer wallet funded — txid: 0d0847a16e2ce4c0f6003d7fcbc28d080f4a6f31b836f92aa22ef1bfd5ed23a7
INFO  [smite_scenarios::targets::cln] Fuzzer UTXO ready: txid=0d0847a16e2ce4c0f6003d7fcbc28d080f4a6f31b836f92aa22ef1bfd5ed23a7 vout=0 amount=1000000sats
INFO  [smite_scenarios::targets::cln] Fuzzer wallet ready: 1 UTXO(s) for dual-funding
INFO  [smite_scenarios::targets::cln] Both daemons are running, ready to fuzz
INFO  [smite_scenarios::scenarios::dual_funding] Loaded 1 fuzzer UTXO(s) for real dual-funding contributions
INFO  [smite_scenarios::scenarios::dual_funding] DualFundingScenario ready. chain=regtest
INFO  [smite::scenarios] Scenario initialized! Executing input...
INFO  [smite::runners] Reading input from "/input.bin"
INFO  [smite::scenarios] Test case ran successfully!
