INFO  [smite_scenarios::targets::bitcoind] Starting bitcoind...
INFO  [smite_scenarios::targets::bitcoind] Waiting for bitcoind to be ready...
INFO  [smite_scenarios::targets::bitcoind] bitcoind is ready
INFO  [smite_scenarios::targets::cln] Starting lightningd...
INFO  [smite_scenarios::targets::cln] Waiting for lightningd to be ready and synced...
INFO  [smite_scenarios::targets::cln] CLN identity pubkey: 02e80a0e1ae3dc2a6d668cfa246a5aa9b1d329cf52649d12c5ebe7b82a5afe6517, blockheight: 71
INFO  [smite_scenarios::targets::cln] CLN identity pubkey: 02e80a0e1ae3dc2a6d668cfa246a5aa9b1d329cf52649d12c5ebe7b82a5afe6517, blockheight: 101
INFO  [smite_scenarios::targets::cln] lightningd synced (blockheight=101)
INFO  [smite_scenarios::targets::cln] CLN deposit address: bcrt1qa9xnyajzaxkmrvexlngqthqnjgtqrm8svs7thc
INFO  [smite_scenarios::targets::cln] CLN wallet funded with 1 BTC — dual-funding contributions enabled
INFO  [smite_scenarios::targets::cln] Fuzzer P2WPKH address: bcrt1qu5g972mhyvln75vratlsl62ze2yh06fmtcexas
INFO  [smite_scenarios::targets::cln] Fuzzer wallet funded — txid: a56bb8b539c403a13133c49175b8af8a20184c5e0f8b8fd4c79a43bef0ddb26f
INFO  [smite_scenarios::targets::cln] Fuzzer UTXO ready: txid=a56bb8b539c403a13133c49175b8af8a20184c5e0f8b8fd4c79a43bef0ddb26f vout=0 amount=1000000sats
INFO  [smite_scenarios::targets::cln] Fuzzer wallet ready: 1 UTXO(s) for dual-funding
INFO  [smite_scenarios::targets::cln] Both daemons are running, ready to fuzz
INFO  [smite_scenarios::scenarios::dual_funding] Loaded 1 fuzzer UTXO(s) for real dual-funding contributions
INFO  [smite_scenarios::scenarios::dual_funding] DualFundingScenario ready. chain=regtest
INFO  [smite::scenarios] Scenario initialized! Executing input...
INFO  [smite::runners] Reading input from "/input.bin"
INFO  [smite::scenarios] Test case ran successfully!
