INFO  [smite_scenarios::targets::bitcoind] Starting bitcoind...
INFO  [smite_scenarios::targets::bitcoind] Waiting for bitcoind to be ready...
INFO  [smite_scenarios::targets::bitcoind] bitcoind is ready
INFO  [smite_scenarios::targets::cln] Starting lightningd...
INFO  [smite_scenarios::targets::cln] Waiting for lightningd to be ready and synced...
INFO  [smite_scenarios::targets::cln] CLN identity pubkey: 037c76ff3838410af47d6ad6db5b778854de162e2a4adeeab6dc999f96e0d2eff3, blockheight: 72
INFO  [smite_scenarios::targets::cln] CLN identity pubkey: 037c76ff3838410af47d6ad6db5b778854de162e2a4adeeab6dc999f96e0d2eff3, blockheight: 101
INFO  [smite_scenarios::targets::cln] lightningd synced (blockheight=101)
INFO  [smite_scenarios::targets::cln] CLN deposit address: bcrt1qjg69sakuk2yvnj4w7e8xwwsnmt2g7e0esgje56
INFO  [smite_scenarios::targets::cln] CLN wallet funded with 1 BTC — dual-funding contributions enabled
INFO  [smite_scenarios::targets::cln] Fuzzer P2WPKH address: bcrt1qu5g972mhyvln75vratlsl62ze2yh06fmtcexas
INFO  [smite_scenarios::targets::cln] Fuzzer wallet funded — txid: c098b1e9f2b6f668e16a19571443a5093ed8b070698790fcfa501dbab3d815cb
INFO  [smite_scenarios::targets::cln] Fuzzer UTXO ready: txid=c098b1e9f2b6f668e16a19571443a5093ed8b070698790fcfa501dbab3d815cb vout=0 amount=1000000sats
INFO  [smite_scenarios::targets::cln] Fuzzer wallet ready: 1 UTXO(s) for dual-funding
INFO  [smite_scenarios::targets::cln] Both daemons are running, ready to fuzz
INFO  [smite_scenarios::scenarios::dual_funding] Loaded 1 fuzzer UTXO(s) for real dual-funding contributions
INFO  [smite_scenarios::scenarios::dual_funding] DualFundingScenario ready. chain=regtest
INFO  [smite::scenarios] Scenario initialized! Executing input...
INFO  [smite::runners] Reading input from "/input.bin"
INFO  [smite::scenarios] Test case ran successfully!
