INFO  [smite_scenarios::targets::bitcoind] Starting bitcoind...
INFO  [smite_scenarios::targets::bitcoind] Waiting for bitcoind to be ready...
INFO  [smite_scenarios::targets::bitcoind] bitcoind is ready
INFO  [smite_scenarios::targets::cln] Starting lightningd...
INFO  [smite_scenarios::targets::cln] Waiting for lightningd to be ready and synced...
INFO  [smite_scenarios::targets::cln] CLN identity pubkey: 036e143d22b0e74fd18a8659eb2cc0f5f457055a789bdc5cf47b266292a9ee7959, blockheight: 71
INFO  [smite_scenarios::targets::cln] CLN identity pubkey: 036e143d22b0e74fd18a8659eb2cc0f5f457055a789bdc5cf47b266292a9ee7959, blockheight: 101
INFO  [smite_scenarios::targets::cln] lightningd synced (blockheight=101)
INFO  [smite_scenarios::targets::cln] CLN deposit address: bcrt1qvuefrxs2q0aqdkryqdzkaph3amteqyesxz355c
INFO  [smite_scenarios::targets::cln] CLN wallet funded with 1 BTC — dual-funding contributions enabled
INFO  [smite_scenarios::targets::cln] Fuzzer P2WPKH address: bcrt1qu5g972mhyvln75vratlsl62ze2yh06fmtcexas
INFO  [smite_scenarios::targets::cln] Fuzzer wallet funded — txid: 9468728b6c8bbdceeb1d8fb5e1c8f1fac0141b43afeef2a6b58905f88b1e2bbc
INFO  [smite_scenarios::targets::cln] Fuzzer UTXO ready: txid=9468728b6c8bbdceeb1d8fb5e1c8f1fac0141b43afeef2a6b58905f88b1e2bbc vout=0 amount=1000000sats
INFO  [smite_scenarios::targets::cln] Fuzzer wallet ready: 1 UTXO(s) for dual-funding
INFO  [smite_scenarios::targets::cln] Both daemons are running, ready to fuzz
INFO  [smite_scenarios::scenarios::dual_funding] Loaded 1 fuzzer UTXO(s) for real dual-funding contributions
INFO  [smite_scenarios::scenarios::dual_funding] DualFundingScenario ready. chain=regtest
INFO  [smite::scenarios] Scenario initialized! Executing input...
INFO  [smite::runners] Reading input from "/input.bin"
INFO  [smite::scenarios] Test case ran successfully!
