INFO  [smite_scenarios::targets::bitcoind] Starting bitcoind...
INFO  [smite_scenarios::targets::bitcoind] Waiting for bitcoind to be ready...
INFO  [smite_scenarios::targets::bitcoind] bitcoind is ready
INFO  [smite_scenarios::targets::cln] Starting lightningd...
INFO  [smite_scenarios::targets::cln] Waiting for lightningd to be ready and synced...
INFO  [smite_scenarios::targets::cln] CLN identity pubkey: 02b7aa2f0cf32aa0e4e69831b4121e573cdc0c2cd879a306f8e6c51f158a8e92a0, blockheight: 73
INFO  [smite_scenarios::targets::cln] CLN identity pubkey: 02b7aa2f0cf32aa0e4e69831b4121e573cdc0c2cd879a306f8e6c51f158a8e92a0, blockheight: 101
INFO  [smite_scenarios::targets::cln] lightningd synced (blockheight=101)
INFO  [smite_scenarios::targets::cln] CLN deposit address: bcrt1qsptr9qtr2k93ls6jpjvy6qa8jxdtmcrua90thl
INFO  [smite_scenarios::targets::cln] CLN wallet funded with 1 BTC — dual-funding contributions enabled
INFO  [smite_scenarios::targets::cln] Fuzzer P2WPKH address: bcrt1qu5g972mhyvln75vratlsl62ze2yh06fmtcexas
INFO  [smite_scenarios::targets::cln] Fuzzer wallet funded — txid: 0a38ea837c59af9e5d60d7c807e0b2e7fb2e2a0caf1e51b18ca63d67310d6a2b
INFO  [smite_scenarios::targets::cln] Fuzzer UTXO ready: txid=0a38ea837c59af9e5d60d7c807e0b2e7fb2e2a0caf1e51b18ca63d67310d6a2b vout=0 amount=1000000sats
INFO  [smite_scenarios::targets::cln] Fuzzer wallet ready: 1 UTXO(s) for dual-funding
INFO  [smite_scenarios::targets::cln] Both daemons are running, ready to fuzz
INFO  [smite_scenarios::scenarios::dual_funding] Loaded 1 fuzzer UTXO(s) for real dual-funding contributions
INFO  [smite_scenarios::scenarios::dual_funding] DualFundingScenario ready. chain=regtest
INFO  [smite::scenarios] Scenario initialized! Executing input...
INFO  [smite::runners] Reading input from "/input.bin"
INFO  [smite::scenarios] Test case ran successfully!
