INFO  [smite_scenarios::targets::bitcoind] Starting bitcoind...
INFO  [smite_scenarios::targets::bitcoind] Waiting for bitcoind to be ready...
INFO  [smite_scenarios::targets::bitcoind] bitcoind is ready
INFO  [smite_scenarios::targets::cln] Starting lightningd...
INFO  [smite_scenarios::targets::cln] Waiting for lightningd to be ready and synced...
INFO  [smite_scenarios::targets::cln] CLN identity pubkey: 02505c5b1d42b44eb71eb37e23716b08fba31fdfe9ed805301d3db8dd685824e81, blockheight: 71
INFO  [smite_scenarios::targets::cln] CLN identity pubkey: 02505c5b1d42b44eb71eb37e23716b08fba31fdfe9ed805301d3db8dd685824e81, blockheight: 101
INFO  [smite_scenarios::targets::cln] lightningd synced (blockheight=101)
INFO  [smite_scenarios::targets::cln] CLN deposit address: bcrt1qw62up63hhcke0dganhsp3324t3qj2q2x8rd6kf
INFO  [smite_scenarios::targets::cln] CLN wallet funded with 1 BTC — dual-funding contributions enabled
INFO  [smite_scenarios::targets::cln] Fuzzer P2WPKH address: bcrt1qu5g972mhyvln75vratlsl62ze2yh06fmtcexas
INFO  [smite_scenarios::targets::cln] Fuzzer wallet funded — txid: abef0d135134d74c209f65a041565b1631bf6c3ce62b39e64877ed6a93d69d45
INFO  [smite_scenarios::targets::cln] Fuzzer UTXO ready: txid=abef0d135134d74c209f65a041565b1631bf6c3ce62b39e64877ed6a93d69d45 vout=0 amount=1000000sats
INFO  [smite_scenarios::targets::cln] Fuzzer wallet ready: 1 UTXO(s) for dual-funding
INFO  [smite_scenarios::targets::cln] Both daemons are running, ready to fuzz
INFO  [smite_scenarios::scenarios::dual_funding] Loaded 1 fuzzer UTXO(s) for real dual-funding contributions
INFO  [smite_scenarios::scenarios::dual_funding] DualFundingScenario ready. chain=regtest
INFO  [smite::scenarios] Scenario initialized! Executing input...
INFO  [smite::runners] Reading input from "/input.bin"
ERROR [smite::runners] Test case failed: target hung (ping timeout)
