INFO  [smite_scenarios::targets::bitcoind] Starting bitcoind...
INFO  [smite_scenarios::targets::bitcoind] Waiting for bitcoind to be ready...
INFO  [smite_scenarios::targets::bitcoind] bitcoind is ready
INFO  [smite_scenarios::targets::cln] Starting lightningd...
INFO  [smite_scenarios::targets::cln] Waiting for lightningd to be ready and synced...
INFO  [smite_scenarios::targets::cln] CLN identity pubkey: 03b9ef360b2ddbb927e7adcb0475d7ab4d0593ab33c8fa4a11d58f248a7aca5c25, blockheight: 71
INFO  [smite_scenarios::targets::cln] CLN identity pubkey: 03b9ef360b2ddbb927e7adcb0475d7ab4d0593ab33c8fa4a11d58f248a7aca5c25, blockheight: 101
INFO  [smite_scenarios::targets::cln] lightningd synced (blockheight=101)
INFO  [smite_scenarios::targets::cln] CLN deposit address: bcrt1qy2vlq68h5v2jfpp4zqrftct7h7jc0d4kc2ea8k
INFO  [smite_scenarios::targets::cln] CLN wallet funded with 1 BTC — dual-funding contributions enabled
INFO  [smite_scenarios::targets::cln] Fuzzer P2WPKH address: bcrt1qu5g972mhyvln75vratlsl62ze2yh06fmtcexas
INFO  [smite_scenarios::targets::cln] Fuzzer wallet funded — txid: 0953afd347839cf9176d18b83549aa2b439ff15df714fed952291fc81ae05f7b
INFO  [smite_scenarios::targets::cln] Fuzzer UTXO ready: txid=0953afd347839cf9176d18b83549aa2b439ff15df714fed952291fc81ae05f7b vout=1 amount=1000000sats
INFO  [smite_scenarios::targets::cln] Fuzzer wallet ready: 1 UTXO(s) for dual-funding
INFO  [smite_scenarios::targets::cln] Both daemons are running, ready to fuzz
INFO  [smite_scenarios::scenarios::dual_funding] Loaded 1 fuzzer UTXO(s) for real dual-funding contributions
INFO  [smite_scenarios::scenarios::dual_funding] DualFundingScenario ready. chain=regtest
INFO  [smite::scenarios] Scenario initialized! Executing input...
INFO  [smite::runners] Reading input from "/input.bin"
ERROR [smite_scenarios::targets] crash handler: abort
ERROR [smite::runners] Test case failed: target crashed
