INFO  [smite_scenarios::targets::bitcoind] Starting bitcoind...
INFO  [smite_scenarios::targets::bitcoind] Waiting for bitcoind to be ready...
INFO  [smite_scenarios::targets::bitcoind] bitcoind is ready
INFO  [smite_scenarios::targets::cln] Starting lightningd...
INFO  [smite_scenarios::targets::cln] Waiting for lightningd to be ready and synced...
INFO  [smite_scenarios::targets::cln] CLN identity pubkey: 03ee7cc901bb7c0e2223180345c287ba9d64adb5a9ee4fe553e7d8516727bb82c9, blockheight: 72
INFO  [smite_scenarios::targets::cln] CLN identity pubkey: 03ee7cc901bb7c0e2223180345c287ba9d64adb5a9ee4fe553e7d8516727bb82c9, blockheight: 101
INFO  [smite_scenarios::targets::cln] lightningd synced (blockheight=101)
INFO  [smite_scenarios::targets::cln] CLN deposit address: bcrt1qrk7lfdyzjen6e6yw75x0k6fqlavl6eu3rye9xz
INFO  [smite_scenarios::targets::cln] CLN wallet funded with 1 BTC — dual-funding contributions enabled
INFO  [smite_scenarios::targets::cln] Fuzzer P2WPKH address: bcrt1qu5g972mhyvln75vratlsl62ze2yh06fmtcexas
INFO  [smite_scenarios::targets::cln] Fuzzer wallet funded — txid: 17c86cf4b93f5a2e1dcf1d5a1d3efebc37d58c49b4113c468c7fabd9c70bd75f
INFO  [smite_scenarios::targets::cln] Fuzzer UTXO ready: txid=17c86cf4b93f5a2e1dcf1d5a1d3efebc37d58c49b4113c468c7fabd9c70bd75f vout=1 amount=1000000sats
INFO  [smite_scenarios::targets::cln] Fuzzer wallet ready: 1 UTXO(s) for dual-funding
INFO  [smite_scenarios::targets::cln] Both daemons are running, ready to fuzz
INFO  [smite_scenarios::scenarios::dual_funding] Loaded 1 fuzzer UTXO(s) for real dual-funding contributions
INFO  [smite_scenarios::scenarios::dual_funding] DualFundingScenario ready. chain=regtest
INFO  [smite::scenarios] Scenario initialized! Executing input...
INFO  [smite::runners] Reading input from "/input.bin"
INFO  [smite::scenarios] Test case ran successfully!
