INFO  [smite_scenarios::targets::bitcoind] Starting bitcoind...
INFO  [smite_scenarios::targets::bitcoind] Waiting for bitcoind to be ready...
INFO  [smite_scenarios::targets::bitcoind] bitcoind is ready
INFO  [smite_scenarios::targets::cln] Starting lightningd...
INFO  [smite_scenarios::targets::cln] Waiting for lightningd to be ready and synced...
INFO  [smite_scenarios::targets::cln] CLN identity pubkey: 03add31abd86c52682f1dc041902e52cfc5d782f2e02ad927cb17834d6468850a6, blockheight: 72
INFO  [smite_scenarios::targets::cln] CLN identity pubkey: 03add31abd86c52682f1dc041902e52cfc5d782f2e02ad927cb17834d6468850a6, blockheight: 101
INFO  [smite_scenarios::targets::cln] lightningd synced (blockheight=101)
INFO  [smite_scenarios::targets::cln] CLN deposit address: bcrt1qjzum6mwmq20xf4uh367sz8kh8p7mdx4376c4w5
INFO  [smite_scenarios::targets::cln] CLN wallet funded with 1 BTC — dual-funding contributions enabled
INFO  [smite_scenarios::targets::cln] Fuzzer P2WPKH address: bcrt1qu5g972mhyvln75vratlsl62ze2yh06fmtcexas
INFO  [smite_scenarios::targets::cln] Fuzzer wallet funded — txid: d485369db0fa93f69f6b3dbea50ddc0bdad4daf8535171d4538798adc350965e
INFO  [smite_scenarios::targets::cln] Fuzzer UTXO ready: txid=d485369db0fa93f69f6b3dbea50ddc0bdad4daf8535171d4538798adc350965e vout=1 amount=1000000sats
INFO  [smite_scenarios::targets::cln] Fuzzer wallet ready: 1 UTXO(s) for dual-funding
INFO  [smite_scenarios::targets::cln] Both daemons are running, ready to fuzz
INFO  [smite_scenarios::scenarios::dual_funding] Loaded 1 fuzzer UTXO(s) for real dual-funding contributions
INFO  [smite_scenarios::scenarios::dual_funding] DualFundingScenario ready. chain=regtest
INFO  [smite::scenarios] Scenario initialized! Executing input...
INFO  [smite::runners] Reading input from "/input.bin"
INFO  [smite::scenarios] Test case ran successfully!
