INFO  [smite_scenarios::targets::bitcoind] Starting bitcoind...
INFO  [smite_scenarios::targets::bitcoind] Waiting for bitcoind to be ready...
INFO  [smite_scenarios::targets::bitcoind] bitcoind is ready
INFO  [smite_scenarios::targets::cln] Starting lightningd...
INFO  [smite_scenarios::targets::cln] Waiting for lightningd to be ready and synced...
INFO  [smite_scenarios::targets::cln] CLN identity pubkey: 0317bbb7210a28375a80eefb2b1df099fba3d1713170b9b56fc89059db2317a7f0, blockheight: 74
INFO  [smite_scenarios::targets::cln] CLN identity pubkey: 0317bbb7210a28375a80eefb2b1df099fba3d1713170b9b56fc89059db2317a7f0, blockheight: 101
INFO  [smite_scenarios::targets::cln] lightningd synced (blockheight=101)
INFO  [smite_scenarios::targets::cln] CLN deposit address: bcrt1qvez4czhj4vqgr6enjj5wpy55h0l8v4e8q6grcs
INFO  [smite_scenarios::targets::cln] CLN wallet funded with 1 BTC — dual-funding contributions enabled
INFO  [smite_scenarios::targets::cln] Fuzzer P2WPKH address: bcrt1qu5g972mhyvln75vratlsl62ze2yh06fmtcexas
INFO  [smite_scenarios::targets::cln] Fuzzer wallet funded — txid: 43df17975990aa7893f4973093fb7527086f130e9fa23d6239c47a3e5ec61b17
INFO  [smite_scenarios::targets::cln] Fuzzer UTXO ready: txid=43df17975990aa7893f4973093fb7527086f130e9fa23d6239c47a3e5ec61b17 vout=0 amount=1000000sats
INFO  [smite_scenarios::targets::cln] Fuzzer wallet ready: 1 UTXO(s) for dual-funding
INFO  [smite_scenarios::targets::cln] Both daemons are running, ready to fuzz
INFO  [smite_scenarios::scenarios::dual_funding] Loaded 1 fuzzer UTXO(s) for real dual-funding contributions
INFO  [smite_scenarios::scenarios::dual_funding] DualFundingScenario ready. chain=regtest
INFO  [smite::scenarios] Scenario initialized! Executing input...
INFO  [smite::runners] Reading input from "/input.bin"
INFO  [smite::scenarios] Test case ran successfully!
