INFO  [smite_scenarios::targets::bitcoind] Starting bitcoind...
INFO  [smite_scenarios::targets::bitcoind] Waiting for bitcoind to be ready...
INFO  [smite_scenarios::targets::bitcoind] bitcoind is ready
INFO  [smite_scenarios::targets::cln] Starting lightningd...
INFO  [smite_scenarios::targets::cln] Waiting for lightningd to be ready and synced...
INFO  [smite_scenarios::targets::cln] CLN identity pubkey: 0350ec917fc33f8edbfdb221fe7fbafe58c0254210fb946dffbc4999c9258b80f9, blockheight: 71
INFO  [smite_scenarios::targets::cln] CLN identity pubkey: 0350ec917fc33f8edbfdb221fe7fbafe58c0254210fb946dffbc4999c9258b80f9, blockheight: 101
INFO  [smite_scenarios::targets::cln] lightningd synced (blockheight=101)
INFO  [smite_scenarios::targets::cln] CLN deposit address: bcrt1qyvj67z7rpm7487yrjyme2a6khfeuywy6fmwtn0
INFO  [smite_scenarios::targets::cln] CLN wallet funded with 1 BTC — dual-funding contributions enabled
INFO  [smite_scenarios::targets::cln] Fuzzer P2WPKH address: bcrt1qu5g972mhyvln75vratlsl62ze2yh06fmtcexas
INFO  [smite_scenarios::targets::cln] Fuzzer wallet funded — txid: 4ca62635221fb8c8be42bb72814fdb6e5837ad3002bbc8c8274d0270d3433f40
INFO  [smite_scenarios::targets::cln] Fuzzer UTXO ready: txid=4ca62635221fb8c8be42bb72814fdb6e5837ad3002bbc8c8274d0270d3433f40 vout=0 amount=1000000sats
INFO  [smite_scenarios::targets::cln] Fuzzer wallet ready: 1 UTXO(s) for dual-funding
INFO  [smite_scenarios::targets::cln] Both daemons are running, ready to fuzz
INFO  [smite_scenarios::scenarios::dual_funding] Loaded 1 fuzzer UTXO(s) for real dual-funding contributions
INFO  [smite_scenarios::scenarios::dual_funding] DualFundingScenario ready. chain=regtest
INFO  [smite::scenarios] Scenario initialized! Executing input...
INFO  [smite::runners] Reading input from "/input.bin"
ERROR [smite_scenarios::targets] crash handler: abort
ERROR [smite::runners] Test case failed: target crashed
