INFO  [smite_scenarios::targets::bitcoind] Starting bitcoind...
INFO  [smite_scenarios::targets::bitcoind] Waiting for bitcoind to be ready...
INFO  [smite_scenarios::targets::bitcoind] bitcoind is ready
INFO  [smite_scenarios::targets::cln] Starting lightningd...
INFO  [smite_scenarios::targets::cln] Waiting for lightningd to be ready and synced...
INFO  [smite_scenarios::targets::cln] CLN identity pubkey: 03ba158977d38846a235a68768b91c72a3a55cb5c0302fa81a80575c535c0b80ce, blockheight: 75
INFO  [smite_scenarios::targets::cln] CLN identity pubkey: 03ba158977d38846a235a68768b91c72a3a55cb5c0302fa81a80575c535c0b80ce, blockheight: 101
INFO  [smite_scenarios::targets::cln] lightningd synced (blockheight=101)
INFO  [smite_scenarios::targets::cln] CLN deposit address: bcrt1qksclyswj0fsqw0a7tuj8mfdz5p8gh76l86kkdc
INFO  [smite_scenarios::targets::cln] CLN wallet funded with 1 BTC — dual-funding contributions enabled
INFO  [smite_scenarios::targets::cln] Fuzzer P2WPKH address: bcrt1qu5g972mhyvln75vratlsl62ze2yh06fmtcexas
INFO  [smite_scenarios::targets::cln] Fuzzer wallet funded — txid: a4ba88f74a7b75b8d49c1fedbf05ecc8f24adecd3709bb5e0bfd358316d239ab
INFO  [smite_scenarios::targets::cln] Fuzzer UTXO ready: txid=a4ba88f74a7b75b8d49c1fedbf05ecc8f24adecd3709bb5e0bfd358316d239ab vout=1 amount=1000000sats
INFO  [smite_scenarios::targets::cln] Fuzzer wallet ready: 1 UTXO(s) for dual-funding
INFO  [smite_scenarios::targets::cln] Both daemons are running, ready to fuzz
INFO  [smite_scenarios::scenarios::dual_funding] Loaded 1 fuzzer UTXO(s) for real dual-funding contributions
INFO  [smite_scenarios::scenarios::dual_funding] DualFundingScenario ready. chain=regtest
INFO  [smite::scenarios] Scenario initialized! Executing input...
INFO  [smite::runners] Reading input from "/input.bin"
ERROR [smite_scenarios::targets] crash handler: assertion failed: "wally_err == WALLY_OK" in struct wally_psbt_output *psbt_add_output(struct wally_psbt *, struct wally_tx_output *, size_t) (bitcoin/psbt.c:268)
ERROR [smite::runners] Test case failed: target crashed
