INFO  [smite_scenarios::targets::bitcoind] Starting bitcoind...
INFO  [smite_scenarios::targets::bitcoind] Waiting for bitcoind to be ready...
INFO  [smite_scenarios::targets::bitcoind] bitcoind is ready
INFO  [smite_scenarios::targets::cln] Starting lightningd...
INFO  [smite_scenarios::targets::cln] Waiting for lightningd to be ready and synced...
INFO  [smite_scenarios::targets::cln] CLN identity pubkey: 029333e4a4ef17f0f62b0958107dcdd0f3ea0fb3e7509525f875bfc11e87210178, blockheight: 71
INFO  [smite_scenarios::targets::cln] CLN identity pubkey: 029333e4a4ef17f0f62b0958107dcdd0f3ea0fb3e7509525f875bfc11e87210178, blockheight: 101
INFO  [smite_scenarios::targets::cln] lightningd synced (blockheight=101)
INFO  [smite_scenarios::targets::cln] CLN deposit address: bcrt1qgj03n8wvhx6le8nyrggkqucg72uxl6728xtmn4
INFO  [smite_scenarios::targets::cln] CLN wallet funded with 1 BTC — dual-funding contributions enabled
INFO  [smite_scenarios::targets::cln] Fuzzer P2WPKH address: bcrt1qu5g972mhyvln75vratlsl62ze2yh06fmtcexas
INFO  [smite_scenarios::targets::cln] Fuzzer wallet funded — txid: 0868c7b06849031d0ab6b3c440c9c0a797c306f14ee8f747a88e3379d5eaeafe
INFO  [smite_scenarios::targets::cln] Fuzzer UTXO ready: txid=0868c7b06849031d0ab6b3c440c9c0a797c306f14ee8f747a88e3379d5eaeafe vout=1 amount=1000000sats
INFO  [smite_scenarios::targets::cln] Fuzzer wallet ready: 1 UTXO(s) for dual-funding
INFO  [smite_scenarios::targets::cln] Both daemons are running, ready to fuzz
INFO  [smite_scenarios::scenarios::dual_funding] Loaded 1 fuzzer UTXO(s) for real dual-funding contributions
INFO  [smite_scenarios::scenarios::dual_funding] DualFundingScenario ready. chain=regtest
INFO  [smite::scenarios] Scenario initialized! Executing input...
INFO  [smite::runners] Reading input from "/input.bin"
ERROR [smite_scenarios::targets] crash handler: abort
ERROR [smite::runners] Test case failed: target crashed
